// Jest Snapshot v1, https://goo.gl/fbAQLP

exports[`Center component should match the snapshot 1`] = `
<DocumentFragment>
  <div
    class="sc-bcXHqe byYHfC"
    height="400px"
    width="400px"
  >
    This is a center component
  </div>
</DocumentFragment>
`;
